[46, 47, 65, 66, 100, 116, 118, 123, 124, 139, 140, 141, 142, 144, 145, 146, 147, 148, 156, 158, 159, 160, 162, 165, 174, 175, 176, 177, 178, 179, 180, 181, 182, 183]